// Jest Snapshot v1, https://goo.gl/fbAQLP

exports[`LandingPage component renders styled-component Wrapper 1`] = `
<div>
  <section
    className="kHXxIQ"
  />
</div>
`;
