// Jest Snapshot v1, https://goo.gl/fbAQLP

exports[`ContactInfoSection renders correctly 1`] = `
<div
  className="sc-bdVaJa cyDMwS"
/>
`;
