// Jest Snapshot v1, https://goo.gl/fbAQLP

exports[`HeroImage renders correctly 1`] = `
<div
  className="sc-bdVaJa bcrzSP"
/>
`;
