// Jest Snapshot v1, https://goo.gl/fbAQLP

exports[`ServiceLayout renders corretcly 1`] = `
<div
  className="sc-bdVaJa jFsOXn"
/>
`;
