// Jest Snapshot v1, https://goo.gl/fbAQLP

exports[`HeroButton renders corretly 1`] = `
<button
  className="eLIWcI"
/>
`;
