// Jest Snapshot v1, https://goo.gl/fbAQLP

exports[`NavbarItem renders correctly 1`] = `
<div
  className="sc-bdVaJa hgwNKU"
/>
`;
