// Jest Snapshot v1, https://goo.gl/fbAQLP

exports[`ContactContainer renders correctly 1`] = `
<div
  className="sc-bdVaJa khBhaU"
/>
`;
