// Jest Snapshot v1, https://goo.gl/fbAQLP

exports[`FontAwesomeIcon renders correctly 1`] = `
<i
  className="sc-bdVaJa uNRti"
/>
`;
