// Jest Snapshot v1, https://goo.gl/fbAQLP

exports[`BodyContainer renders correctly 1`] = `
<body
  className="sc-bdVaJa iazEMJ"
/>
`;
