// Jest Snapshot v1, https://goo.gl/fbAQLP

exports[`AnimatedBorder renders correctly 1`] = `
<div
  className="sc-bdVaJa udBkl"
/>
`;

exports[`AnimatedBorder renders with text color props 1`] = `
<div
  className="sc-bdVaJa kUbMBk"
  color="white"
/>
`;
