// Jest Snapshot v1, https://goo.gl/fbAQLP

exports[`StyledColumn renders correctly 1`] = `
<div
  className="sc-ifAKCX iEYrfa sc-htpNat bKOCBb"
/>
`;
