// Jest Snapshot v1, https://goo.gl/fbAQLP

exports[`ServiceItem renders corretcly 1`] = `
<div
  className="sc-bdVaJa eIKJMt"
/>
`;
