// Jest Snapshot v1, https://goo.gl/fbAQLP

exports[`FlexboxLine renders correctly 1`] = `
<div
  className="sc-bdVaJa jVzCaf"
/>
`;
