// Jest Snapshot v1, https://goo.gl/fbAQLP

exports[`HeroHeader renders correctly 1`] = `
<div
  className="sc-bdVaJa ebKSmz"
/>
`;
