// Jest Snapshot v1, https://goo.gl/fbAQLP

exports[`ServiceHeader renders correctly 1`] = `
<h2
  className="sc-bdVaJa bHBKzw"
/>
`;
