// Jest Snapshot v1, https://goo.gl/fbAQLP

exports[`HeroImage component renders image 1`] = `
<div
  className="kHXxIQ"
/>
`;
