// Jest Snapshot v1, https://goo.gl/fbAQLP

exports[`ServiceList renders corretcly 1`] = `
<div
  className="sc-bdVaJa jFsOXn"
>
  <div
    className="sc-bwzfXH kxVrmy"
  >
    <div>
      <i
        className="material-icons"
      >
        desktop_mac
      </i>
    </div>
    <h3>
      Web development
    </h3>
    <p>
      We help you build fast, functional, performance oriented websites and web apps
    </p>
  </div>
  <div
    className="sc-bwzfXH kxVrmy"
  >
    <div>
      <i
        className="material-icons"
      >
        color_lens
      </i>
    </div>
    <h3>
      Web design
    </h3>
    <p>
      We are creating unique and adaptive designs to engage customers
    </p>
  </div>
</div>
`;
