// Jest Snapshot v1, https://goo.gl/fbAQLP

exports[`HeroTitle renders correctly 1`] = `
<h1
  className="sc-bdVaJa drKbDu"
/>
`;
