// Jest Snapshot v1, https://goo.gl/fbAQLP

exports[`Heading renders correctly 1`] = `
<h3
  className="sc-bdVaJa csGkgJ"
/>
`;
