// Jest Snapshot v1, https://goo.gl/fbAQLP

exports[`ConsultationSection renders correctly 1`] = `
<div
  className="sc-bdVaJa cqoblB"
/>
`;
