// Jest Snapshot v1, https://goo.gl/fbAQLP

exports[`TechnologyItem renders correctly 1`] = `
<div
  className="sc-bdVaJa jXICNE"
/>
`;
