// Jest Snapshot v1, https://goo.gl/fbAQLP

exports[`NavbarList renders correctly 1`] = `
<div
  className="sc-bdVaJa igOxDQ"
/>
`;
