// Jest Snapshot v1, https://goo.gl/fbAQLP

exports[`HeroContainer renders corretly 1`] = `
<div
  className="sc-bdVaJa hLmcko"
/>
`;
